SQL> SPOOL
currently spooling to p6.lst
SQL> SELECT SYSDATE
  2  FROM DUAL;

SYSDATE                                                                         
---------                                                                       
13-DEC-17                                                                       

SQL> SELECT TO_CHAR(SYSDATE, 'HH:MI:SS')
  2  FROM DUAL;

TO_CHAR(                                                                        
--------                                                                        
10:19:39                                                                        

SQL> SELECT TO_CHAR(SYSDATE, 'DAY:DD:MM:YYYY')
  2  FROM DUAL;

TO_CHAR(SYSDATE,'DAY:DD:MM:YYYY')                                               
-----------------------------------------------                                 
WEDNESDAY:13:12:2017                                                            

SQL> SELECT TO_CHAR(SYSDATE, 'HH24:MI:SS')
  2  FROM DUAL;

TO_CHAR(                                                                        
--------                                                                        
22:20:44                                                                        

SQL> SELECT TO_CHAR(SYSDATE-FI)
  2  FROM PLAN_DOCENTE
  3  WHERE (CAS = 11 AND DNI = 8888);

TO_CHAR(SYSDATE-FI)                                                             
----------------------------------------                                        
3025.93146990740740740740740740740740741                                        

SQL> SELECT P
  2  FROM PROFESOR NATURAL JOIN PLAN_DOCENTE
  3  WHERE (FF-FI)>365) OR ((SYSDATE-FI) > 365 AND (FF IS NULL));
WHERE (FF-FI)>365) OR ((SYSDATE-FI) > 365 AND (FF IS NULL))
                 *
ERROR at line 3:
ORA-00933: SQL command not properly ended 


SQL> SELECT P
  2  FROM PROFESOR NATURAL JOIN PLAN_DOCENTE
  3  WHERE (FF-FI) > 365) OR ((SYSDATE-FI) > 365 AND (FF IS NULL));
WHERE (FF-FI) > 365) OR ((SYSDATE-FI) > 365 AND (FF IS NULL))
                   *
ERROR at line 3:
ORA-00933: SQL command not properly ended 


SQL> SELECT DISTINCT P
  2  FROM PROFESOR NATURAL JOIN PLAN_DOCENTE
  3  WHERE ((FF-FI) > 365) OR ((SYSDATE-FI) > 365 AND (FF IS NULL));

P                                                                               
------------------------------------------------------------                    
MARIO                                                                           
JUAN                                                                            
PEDRO                                                                           
FRANCISCO                                                                       
SOLEDAD                                                                         
CARLOS                                                                          
IVAN                                                                            
CARMEN                                                                          
DAVID                                                                           
MARIA                                                                           
JOSE MANUEL                                                                     

P                                                                               
------------------------------------------------------------                    
ANGELA                                                                          

12 rows selected.

SQL> 7
SP2-0226: Invalid line number 
SQL> SELECT COUNT(P) AS TOTAL
  2  FROM PROFESOR, AREA, DEPARTAMENTO
  3  WHERE (PROFESOR.CAR = AREA.CAR)
  4  AND (AREA.CD = DEPARTAMENTO.CD)
  5  AND D = 'ASTROFISICA';

     TOTAL                                                                      
----------                                                                      
         1                                                                      

SQL> SELECT COUNT(P) AS TOTAL, D
  2  FROM PROFESOR, AREA, DEPARTAMENTO
  3  WHERE (PROFESOR.CAR = AREA.CAR)
  4  AND (AREA.CD = DEPARTAMENTO.CD)
  5  GROUP BY D
  6  ORDER BY D;

     TOTAL D                                                                    
---------- ------------------------------------------------------------         
         4 ANALISIS MATEMATICO                                                  
         1 ASTROFISICA                                                          
         8 ESTADISTICA, INVESTIGACION OPERATIVA Y COMPUTACION                   
         1 MATEMATICA FUNDAMENTAL                                               

SQL> SELECT COUNT(T) AS TOTAL
  2  FROM ASIGNATURA, AREA, DEPARTAMENTO
  3  WHERE (ASIGNATURA.CAR = AREA.CAR)
  4  AND (AREA.CD = DEPARTAMENTO.CD)
  5  AND D = 'ESTADISTICA, INVESTIGACION OPERATIVA Y COMPUTACION';

     TOTAL                                                                      
----------                                                                      
         7                                                                      

SQL> SELECT COUNT(DNI) AS TOTAL, AR
  2  FROM PROFESOR NATURAL JOIN AREA
  3  WHERE AR LIKE A%
  4  GROUP BY AR;
WHERE AR LIKE A%
               *
ERROR at line 3:
ORA-00911: invalid character 


SQL> SELECT COUNT(DNI) AS TOTAL, AR
  2  FROM PROFESOR NATURAL JOIN AREA
  3  WHERE AR LIKE 'A%'
  4  GROUP BY AR;

     TOTAL AR                                                                   
---------- ------------------------------------------------------------         
         1 ALGEBRA                                                              
         1 ASTRONOMIA Y ASTROFISICA                                             
         1 ANALISIS MATEMATICO                                                  

SQL> SELECT COUNT(A) AS TOTAL, T
  2  FROM ASIGNATURA
  3  GROUP BY T
  4  ORDER BY T;

     TOTAL T                                                                    
---------- ----                                                                 
         1 GF                                                                   
         7 GII                                                                  
         2 GM                                                                   
         2 MII                                                                  

SQL> SELECT A
  2  FROM ASIGNATURA
  3  WHERE CT >= (SELECT MAX(CT)
  4  FROM ASIGNATURA);

A                                                                               
--------------------------------------------------                              
ENSENANZA DE LA MATEMATICA                                                      

SQL> SELECT A
  2  FROM ASIGNATURA
  3  WHERE CT <= (SELECT MIN(CT)
  4  FROM ASIGNATURA);

A                                                                               
--------------------------------------------------                              
INTELIGENCIA ARTIFICIAL                                                         
ALMACENES DE DATOS                                                              
MINERIA DE DATOS                                                                

SQL> SELECT A, SUM(CT+CP+CL)  AS SUMA
  2  FROM ASIGNATURA
  3  GROUP BY A;

A                                                        SUMA                   
-------------------------------------------------- ----------                   
ALGEBRA                                                     6                   
INFORMATICA BASICA                                          6                   
OPTIMIZACION                                                6                   
CALCULO                                                     6                   
GESTION DE RIESGOS                                          6                   
ENSENANZA DE LA MATEMATICA                                  6                   
ANALISIS COMPLEJO                                         7.5                   
BASE DE DATOS                                               6                   
INTELIGENCIA ARTIFICIAL                                     6                   
MINERIA DE DATOS                                            3                   
ALMACENES DE DATOS                                          3                   

A                                                        SUMA                   
-------------------------------------------------- ----------                   
ASTRONOMIA                                                  6                   

12 rows selected.

SQL> SELECT A
  2  FROM ASIGNATURA
  3  WHERE (CT+CL+CP) = (SELECT MAX(CT+CL+CP)
  4  FROM ASIGNATURA;
WHERE (CT+CL+CP) = (SELECT MAX(CT+CL+CP)
                    *
ERROR at line 3:
ORA-00920: invalid relational operator 


SQL> SELECT A
  2  FROM ASIGNATURA
  3  WHERE (CT+CL+CP) = (SELECT MAX(CT+CL+CP)
  4  FROM ASIGNATURA);

A                                                                               
--------------------------------------------------                              
ANALISIS COMPLEJO                                                               

SQL> SELECT A
  2  FROM ASIGNATURA
  3  WHERE (CT+CL+CP) = (SELECT MIN(CT+CL+CP)
  4  FROM ASIGNATURA;
WHERE (CT+CL+CP) = (SELECT MIN(CT+CL+CP)
                    *
ERROR at line 3:
ORA-00920: invalid relational operator 


SQL> SELECT A
  2  WHERE (CT+CL+CP) = (SELECT MIN(CT+CL+CP)
  3  FROM ASIGNATURA);
WHERE (CT+CL+CP) = (SELECT MIN(CT+CL+CP)
*
ERROR at line 2:
ORA-00923: FROM keyword not found where expected 


SQL> SELECT A
  2  FROM ASIGNATURA
  3  WHERE (CT+CL+CP) = (SELECT MIN(CT+CL+CP)
  4  FROM ASIGNATURA);

A                                                                               
--------------------------------------------------                              
ALMACENES DE DATOS                                                              
MINERIA DE DATOS                                                                

SQL> SELECT AR
  2  FROM AREA
  3  WHERE CAR IN (SELECT CAR
  4  FROM ASIGNATURA
  5  WHERE (CT+CP+CL) = (SELECT MAX(CT+CP+CL)
  6  FROM ASIGNATURA);
FROM ASIGNATURA)
               *
ERROR at line 6:
ORA-00907: missing right parenthesis 


SQL> SELECT AR
  2  FROM ASIGNATURA;
SELECT AR
       *
ERROR at line 1:
ORA-00904: "AR": invalid identifier 


SQL> SELECT AR
  2  FROM AREA
  3  WHERE CAR IN (SELECT CAR
  4  FROM ASIGNATURA;
FROM ASIGNATURA
              *
ERROR at line 4:
ORA-00907: missing right parenthesis 


SQL> WHERE (CT+CP+CL) = (SELECT MAX(CT+CP+CL)
SP2-0734: unknown command beginning "WHERE (CT+..." - rest of line ignored.
SQL> SELECT AR
  2  FROM AREA
  3  WHERE CAR IN (SELECT CAR
  4  FROM ASIGNATURA
  5  WHERE (CT+CP+CL) = (SELECT MAX(CT+CP+CL)
  6  FROM ASIGNATURA));

AR                                                                              
------------------------------------------------------------                    
ANALISIS MATEMATICO                                                             

SQL> SELECT COUNT(A) AS TOTAL
  2  FROM ASIGNATURA NATURAL JOIN PLAN_DOCENTE
  3  WHERE DNI = 1111;

     TOTAL                                                                      
----------                                                                      
         2                                                                      

SQL> SELECT SUM(CTA+CPA+CLA) AS TOTAL
  2  FROM PLAN_DOCENTE
  3  WHERE DNI = 1111;

     TOTAL                                                                      
----------                                                                      
         9                                                                      

SQL> SELECT P
  2  FROM PROFESOR
  3  WHERE DNI IN (SELECT DNI
  4  FROM PLAN_DOCENTE
  5  WHERE FF IS NULL
  6  GROUP BY DNI
  7  HAVING SUM(CTA+CPA+CLA) = SELECT MAX(SUM((CTA+CPA+CLA))
  8  FROM PLAN_DOCENTE
  9  WHERE FF IS NULL
 10  GROUP BY DNI)):
 11  ;
HAVING SUM(CTA+CPA+CLA) = SELECT MAX(SUM((CTA+CPA+CLA))
                          *
ERROR at line 7:
ORA-00936: missing expression 


SQL> SELECT P
  2  FROM PROFESOR
  3  WHERE DNI IN (SELECT DNI
  4  FROM PLAN_DOCENTE
  5  WHERE FF IS NULL
  6  GROUP BY DNI
  7  HAVING SUM(CTA+CPA+CLA) = SELECT MAX(SUM((CTA+CPA+CLA))
  8  FROM PLAN_DOCENTE
  9  WHERE FF IS NULL
 10  GROUP BY DNI));
HAVING SUM(CTA+CPA+CLA) = SELECT MAX(SUM((CTA+CPA+CLA))
                          *
ERROR at line 7:
ORA-00936: missing expression 


SQL> SELECT P
  2  FROM PROFESOR
  3  WHERE DNI IN (SELECT DNI
  4  FROM PLAN_DOCENTE;
FROM PLAN_DOCENTE
                *
ERROR at line 4:
ORA-00907: missing right parenthesis 


SQL> SELECT P
  2  FROM PROFESOR
  3  WHERE DNI IN (SELECT DNI
  4  FROM PLAN_DOCENTE
  5  WHERE FF IS NULL
  6  GROUP BY DNI
  7  HAVING SUM(CTA+CPA+CLA) = (SELECT MAX(SUM((CTA+CPA+CLA))
  8  FROM PLAN_DOCENTE
  9  WHERE FF IS NULL
 10  GROUP BY DNI)));
FROM PLAN_DOCENTE
*
ERROR at line 8:
ORA-00907: missing right parenthesis 


SQL> SELECT P
  2  FROM PROFESOR
  3  WHERE DNI IN (SELECT DNI
  4  FROM PLAN_DOCENTE
  5  WHERE FF IS NULL
  6  HAVING SUM(CTA+CPA+CLA) = SELECT MAX(SUM((CTA+CPA+CLA))
  7  FROM PLAN_DOCENTE
  8  WHERE FF IS NULL
  9  GROUP BU DNI));
HAVING SUM(CTA+CPA+CLA) = SELECT MAX(SUM((CTA+CPA+CLA))
                          *
ERROR at line 6:
ORA-00936: missing expression 


SQL> SELECT P
  2  FROM PROFESOR
  3  WHERE DNI IN (SELECT DNI
  4  FROM PLAN_DOCENTE
  5  WHERE FF IS NULL
  6  HAVING SUM(CTA+CPA+CLA) = (SELECT MAX(SUM(CTA+CPA+CLA))
  7  FROM PLAN_DOCENTE
  8  WHERE FF IS NULL)
  9  GROUP BY DNI));
GROUP BY DNI))
             *
ERROR at line 9:
ORA-00933: SQL command not properly ended 


SQL> SELECT P
  2  FROM PROFESOR
  3  WHERE DNI IN (SELECT DNI
  4  FROM PLAN_DOCENTE
  5  WHERE FF IS NULL
  6  GROUP BY DNI
  7  HAVING SUM(CTA+CPA+CLA) = SELECT MAX(SUM(CTA+CPA+CLA))
  8  FROM PLAN_DOCENTE
  9  WHERE FF IS NULL
 10  GROUP BY DNI));
HAVING SUM(CTA+CPA+CLA) = SELECT MAX(SUM(CTA+CPA+CLA))
                          *
ERROR at line 7:
ORA-00936: missing expression 


SQL> SELECT P
  2  2 FROM PROFESOR
  3  3 WHERE DNI IN (SELECT DNI
  4  4 FROM PLAN_DOCENTE
  5  5 WHERE FF IS NULL
  6  6 GROUP BY DNI
  7  7 HAVING SUM(CTA+CPA+CLA) = SELECT MAX(SUM((CTA+CPA+CLA))
  8  8 FROM PLAN_DOCENTE
  9  9 WHERE FF IS NULL
 10  10 GROUP BY DNI));
2 FROM PROFESOR
*
ERROR at line 2:
ORA-00923: FROM keyword not found where expected 


SQL> SELECT P
  2  FROM PROFESOR
  3  WHERE DNI IN (SELECT DNI
  4  FROM PLAN_DOCENTE
  5  WHERE FF IS NULL
  6  GROUP BY DNI
  7  HAVING SUM(CTA+CPA+CLA) = SELECT MAX(SUM((CTA+CPA+CLA))
  8  FROM PLAN_DOCENTE
  9  WHERE FF IS NULL
 10   GROUP BY DNI));
HAVING SUM(CTA+CPA+CLA) = SELECT MAX(SUM((CTA+CPA+CLA))
                          *
ERROR at line 7:
ORA-00936: missing expression 


SQL> SELECT P
  2  FROM PROFESOR
  3  WHERE DNI IN (SELECT DNI
  4  FROM PLAN_DOCENTE
  5  WHERE FF IS NULL
  6  GROUP BY DNI
  7  HAVING SUM(CTA+CPA+CLA) = SELECT MAX(SUM((CTA+CPA+CLA))
  8  FROM PLAN_DOCENTE
  9  WHERE FF IS NULL
 10   GROUP BY DNI));
HAVING SUM(CTA+CPA+CLA) = SELECT MAX(SUM((CTA+CPA+CLA))
                          *
ERROR at line 7:
ORA-00936: missing expression 


SQL> SELECT P
  2  FROM PROFESOR
  3  WHERE DNI IN (SELECT DNI
  4  FROM PLAN_DOCENTE
  5  WHERE FF IS NULL
  6  GROUP BY DNI
  7  HAVING SUM(CTA+CPA+CLA) = SELECT MAX(SUM((CTA+CPA+CLA))
  8  FROM PLAN_DOCENTE
  9  WHERE FF IS NULL
 10   GROUP BY DNI))
 11  SELECT P
 12  FROM PROFESOR
 13  WHERE DNI IN (SELECT DNI
 14  FROM PLAN_DOCENTE
 15  WHERE FF IS NULL
 16  GROUP BY DNI
 17  HAVING SUM(CTA+CPA+CLA) = SELECT MAX(SUM((CTA+CPA+CLA))
 18  FROM PLAN_DOCENTE
 19  WHERE FF IS NULL
 20  ;
HAVING SUM(CTA+CPA+CLA) = SELECT MAX(SUM((CTA+CPA+CLA))
                          *
ERROR at line 7:
ORA-00936: missing expression 


SQL> SELECT P
  2  FROM PROFESOR
  3  WHERE DNI IN (SELECT DNI
  4  FROM PLAN_DOCENTE
  5  WHERE FF IS NULL
  6  GROUP BY DNI
  7  HAVING SUM(CTA+CPA+CLA) = SELECT MAX(SUM((CTA+CPA+CLA))
  8  FROM PLAN_DOCENTE
  9  WHERE FF IS NULL
 10  ;
HAVING SUM(CTA+CPA+CLA) = SELECT MAX(SUM((CTA+CPA+CLA))
                          *
ERROR at line 7:
ORA-00936: missing expression 


SQL> SELECT P
  2  FROM PROFESOR
  3  WHERE DNI IN (SELECT DNI
  4  FROM PLAN_DOCENTE
  5  WHERE FF IS NULL
  6  GROUP BY DNI
  7  HAVING SUM(CTA+CPA+CLA) = (SELECT MAX(SUM(CTA+CPA+CLA))
  8  FROM PLAN_DOCENTE
  9  WHERE FF IS NULL)
 10  GROUP BY DNI));
GROUP BY DNI))
*
ERROR at line 10:
ORA-01787: only one clause allowed per query block 


SQL> SELECT P
  2  FROM PLAN_DOCENTE
  3  ;
SELECT P
       *
ERROR at line 1:
ORA-00904: "P": invalid identifier 


SQL> SELECT P
  2  FROM PROFESOR
  3  WHERE DNI IN (SELECT DNI
  4  FROM PLAN_DOCENTE
  5  WHERE FF IS NULL
  6  GROUP BY DNI
  7  HAVING SUM(CTA+CPA+CLA) = SELECT MAX(SUM(CTA+CPA+CLA))
  8  FROM PLAN_DOCENTE
  9  WHERE FF IS NULL
 10  GROUP BY DNI);
HAVING SUM(CTA+CPA+CLA) = SELECT MAX(SUM(CTA+CPA+CLA))
                          *
ERROR at line 7:
ORA-00936: missing expression 


SQL> SELECT P
  2  FROM PROFESOR
  3  WHERE DNI IN (SELECT DNI
  4  FROM PLAN_DOCENTE
  5  WHERE FF IS NULL
  6  GROUP BY DNI
  7  HAVING SUM(CTA+CPA+CLA) = (SELECT MAX(SUM(CTA+CPA+CLA))
  8  FROM PLAN_DOCENTE
  9  WHERE FF IS NULL
 10  GROUP BY DNI));

P                                                                               
------------------------------------------------------------                    
MARIA                                                                           
PEDRO                                                                           

SQL> SELECT AVG(COUNT(A)) AS PROM
  2  FROM ASIGNATURA
  3  GROUP BY CAR;

      PROM                                                                      
----------                                                                      
       1.5                                                                      

SQL> SELECT AVG(COUNT(P)) AS PROM
  2  FROM PROFESOR, AREA, DEPARTAMENTO
  3  WHERE (PROFESOR.CAR = AREA.CAR)
  4  AND (AREA.CD = DEPARTAMENTO.CD)
  5  GROUP BY D;

      PROM                                                                      
----------                                                                      
       3.5                                                                      

SQL> 
SQL> SELECT AR
  2  FROM AREA NATURAL JOIN ASIGNATURA
  3  GROUP BY AR
  4  HAVING COUNT(A) > 3
  5  ORDER BY AR;

AR                                                                              
------------------------------------------------------------                    
LENGUAJES Y SISTEMAS INFORMATICOS                                               

SQL> SELECT AR
  2  FROM AREA NATURAL JOIN ASIGNATURA
  3  GROUP BY AR
  4  HAVING COUNT(A) > 6
  5  ORDER BY AR;

no rows selected

SQL> SELECT D
  2  FROM DEPARTAMENTO
  3  WHERE CD IN (SELECT CD
  4  FROM AREA NATURAL JOIN PROFESOR
  5  GROUP BY CD
  6  HAVING COUNT(P) <= (SELECT MIN(COUNT(P))
  7  FROM PROFESOR NATURAL JOIN AREA
  8  GROUP BY CD));

D                                                                               
------------------------------------------------------------                    
ASTROFISICA                                                                     
MATEMATICA FUNDAMENTAL                                                          

SQL> SPOOL OFF
