SQL> SPOOL
currently spooling to practica5.lst
SQL> SELECT A FROM ASIGNATURA WHERE AR LIKE 'A%';
SELECT A FROM ASIGNATURA WHERE AR LIKE 'A%'
                               *
ERROR at line 1:
ORA-00904: "AR": invalid identifier 


SQL> SELECT A
  2  FROM ASIGNATURA
  3  NATURAL JOIN AREA
  4  WHERE AR LIKE 'A%';

A                                                                                                                                                                                                                                                         
--------------------------------------------------                                                                                                                                                                                                        
ALGEBRA                                                                                                                                                                                                                                                   
ASTRONOMIA                                                                                                                                                                                                                                                
ANALISIS COMPLEJO                                                                                                                                                                                                                                         

SQL> SELECT A
  2  FROM ASIGNATURA NATURAL JOIN AREA
  3  WHERE AR LIKE '%A';

A                                                                                                                                                                                                                                                         
--------------------------------------------------                                                                                                                                                                                                        
ALGEBRA                                                                                                                                                                                                                                                   
CALCULO                                                                                                                                                                                                                                                   
OPTIMIZACION                                                                                                                                                                                                                                              
ASTRONOMIA                                                                                                                                                                                                                                                
ENSENANZA DE LA MATEMATICA                                                                                                                                                                                                                                

SQL> SELECT A
  2  FROM ASIGNATURA
  3  WHERE A LIKE 'DATOS';

no rows selected

SQL> SELECT A
  2  FROM ASIGNATURA
  3  WHERE A LIKE '%DATOS%';

A                                                                                                                                                                                                                                                         
--------------------------------------------------                                                                                                                                                                                                        
BASE DE DATOS                                                                                                                                                                                                                                             
ALMACENES DE DATOS                                                                                                                                                                                                                                        
MINERIA DE DATOS                                                                                                                                                                                                                                          

SQL> SELECT DNI
  2  FROM PROFESOR
  3  WHERE P LIKE '__R%';

       DNI                                                                                                                                                                                                                                                
----------                                                                                                                                                                                                                                                
      4040                                                                                                                                                                                                                                                
      5050                                                                                                                                                                                                                                                
      2222                                                                                                                                                                                                                                                
      4444                                                                                                                                                                                                                                                
      6666                                                                                                                                                                                                                                                
      7777                                                                                                                                                                                                                                                

6 rows selected.

SQL> SELECT DISTINCT DNI
  2  FROM PROFESOR
  3  WHERE LENGTH(P) <= 5;

       DNI                                                                                                                                                                                                                                                
----------                                                                                                                                                                                                                                                
      1111                                                                                                                                                                                                                                                
      3333                                                                                                                                                                                                                                                
      4444                                                                                                                                                                                                                                                
      5555                                                                                                                                                                                                                                                
      7777                                                                                                                                                                                                                                                
      1010                                                                                                                                                                                                                                                

6 rows selected.

SQL> SELECT DISTINCT DNI
  2  FROM PROFESOR
  3  WHERE LENGTH(P) <= 5;

       DNI                                                                                                                                                                                                                                                
----------                                                                                                                                                                                                                                                
      1111                                                                                                                                                                                                                                                
      3333                                                                                                                                                                                                                                                
      4444                                                                                                                                                                                                                                                
      5555                                                                                                                                                                                                                                                
      7777                                                                                                                                                                                                                                                
      1010                                                                                                                                                                                                                                                

6 rows selected.

SQL> SELECT DISTINCT DNI
  2  FROM PROFESOR
  3  WHERE LENGTH(P) >=5;

       DNI                                                                                                                                                                                                                                                
----------                                                                                                                                                                                                                                                
      4040                                                                                                                                                                                                                                                
      5050                                                                                                                                                                                                                                                
      2222                                                                                                                                                                                                                                                
      3333                                                                                                                                                                                                                                                
      4444                                                                                                                                                                                                                                                
      6666                                                                                                                                                                                                                                                
      7777                                                                                                                                                                                                                                                
      8888                                                                                                                                                                                                                                                
      9999                                                                                                                                                                                                                                                
      1010                                                                                                                                                                                                                                                
      2020                                                                                                                                                                                                                                                

       DNI                                                                                                                                                                                                                                                
----------                                                                                                                                                                                                                                                
      3030                                                                                                                                                                                                                                                

12 rows selected.

SQL> SELECT P
  2  FROM PROFESOR NATURAL JOIN PLAN_DOCENTE
  3  WHERE FF IS NULL;

P                                                                                                                                                                                                                                                         
------------------------------------------------------------                                                                                                                                                                                              
JUAN                                                                                                                                                                                                                                                      
CARLOS                                                                                                                                                                                                                                                    
PEDRO                                                                                                                                                                                                                                                     
PEDRO                                                                                                                                                                                                                                                     
MARIA                                                                                                                                                                                                                                                     
MARIA                                                                                                                                                                                                                                                     
IVAN                                                                                                                                                                                                                                                      
MARIO                                                                                                                                                                                                                                                     
FRANCISCO                                                                                                                                                                                                                                                 
ANGELA                                                                                                                                                                                                                                                    
DAVID                                                                                                                                                                                                                                                     

P                                                                                                                                                                                                                                                         
------------------------------------------------------------                                                                                                                                                                                              
SOLEDAD                                                                                                                                                                                                                                                   
JOSE MANUEL                                                                                                                                                                                                                                               

13 rows selected.

SQL> SELECT P
  2  FROM PROFESOR NATURAL JOIN PLAN_DOCENTE
  3  WHERE CAS = 8 AND FF IS NOT NULL;

P                                                                                                                                                                                                                                                         
------------------------------------------------------------                                                                                                                                                                                              
JUAN                                                                                                                                                                                                                                                      

SQL> SELECT *
  2  FROM PLAN_DOCENTE
  3  ORDER BY FF;

       DNI        CAS        CTA        CPA        CLA FI        FF                                                                                                                                                                                       
---------- ---------- ---------- ---------- ---------- --------- ---------                                                                                                                                                                                
      2222          3        1.5          0        1.5 01-SEP-06 31-AUG-07                                                                                                                                                                                
      1010          2        1.5        1.5          3 01-SEP-05 31-AUG-08                                                                                                                                                                                
      1111          8          3        1.5        1.5 01-SEP-07 31-AUG-09                                                                                                                                                                                
      1010          9          3          0          3 01-SEP-08 31-AUG-09                                                                                                                                                                                
      4444          4        1.5          0        1.5 01-SEP-08 31-AUG-10                                                                                                                                                                                
      6666         10          3        1.5        1.5 01-SEP-08 31-AUG-11                                                                                                                                                                                
      5555          6          3          3          0 31-MAR-10                                                                                                                                                                                          
      8888         11          6          0          0 01-SEP-09                                                                                                                                                                                          
      2020          3        1.5          0        1.5 01-SEP-08                                                                                                                                                                                          
      7777         12        4.5          3          0 01-SEP-10                                                                                                                                                                                          
      3333          9        1.5          0        1.5 01-SEP-09                                                                                                                                                                                          

       DNI        CAS        CTA        CPA        CLA FI        FF                                                                                                                                                                                       
---------- ---------- ---------- ---------- ---------- --------- ---------                                                                                                                                                                                
      4444          1          3        1.5        1.5 01-SEP-11                                                                                                                                                                                          
      9999          7          3          3          0 01-SEP-10                                                                                                                                                                                          
      1010          9        1.5          0        1.5 01-SEP-09                                                                                                                                                                                          
      3333          2        1.5        1.5          3 01-SEP-08                                                                                                                                                                                          
      2222          4        1.5          0        1.5 01-SEP-09                                                                                                                                                                                          
      3030          8          0        1.5        1.5 01-SEP-09                                                                                                                                                                                          
      4444          5          3          0          0 01-SEP-10                                                                                                                                                                                          
      1111          8          3          0          0 01-SEP-09                                                                                                                                                                                          

19 rows selected.

SQL> SELECT *
  2  FROM PLAN_DOCENTE
  3  ORDER BY FF DESC;

       DNI        CAS        CTA        CPA        CLA FI        FF                                                                                                                                                                                       
---------- ---------- ---------- ---------- ---------- --------- ---------                                                                                                                                                                                
      1111          8          3          0          0 01-SEP-09                                                                                                                                                                                          
      4444          1          3        1.5        1.5 01-SEP-11                                                                                                                                                                                          
      3333          9        1.5          0        1.5 01-SEP-09                                                                                                                                                                                          
      7777         12        4.5          3          0 01-SEP-10                                                                                                                                                                                          
      2020          3        1.5          0        1.5 01-SEP-08                                                                                                                                                                                          
      8888         11          6          0          0 01-SEP-09                                                                                                                                                                                          
      4444          5          3          0          0 01-SEP-10                                                                                                                                                                                          
      3030          8          0        1.5        1.5 01-SEP-09                                                                                                                                                                                          
      2222          4        1.5          0        1.5 01-SEP-09                                                                                                                                                                                          
      3333          2        1.5        1.5          3 01-SEP-08                                                                                                                                                                                          
      1010          9        1.5          0        1.5 01-SEP-09                                                                                                                                                                                          

       DNI        CAS        CTA        CPA        CLA FI        FF                                                                                                                                                                                       
---------- ---------- ---------- ---------- ---------- --------- ---------                                                                                                                                                                                
      9999          7          3          3          0 01-SEP-10                                                                                                                                                                                          
      5555          6          3          3          0 31-MAR-10                                                                                                                                                                                          
      6666         10          3        1.5        1.5 01-SEP-08 31-AUG-11                                                                                                                                                                                
      4444          4        1.5          0        1.5 01-SEP-08 31-AUG-10                                                                                                                                                                                
      1010          9          3          0          3 01-SEP-08 31-AUG-09                                                                                                                                                                                
      1111          8          3        1.5        1.5 01-SEP-07 31-AUG-09                                                                                                                                                                                
      1010          2        1.5        1.5          3 01-SEP-05 31-AUG-08                                                                                                                                                                                
      2222          3        1.5          0        1.5 01-SEP-06 31-AUG-07                                                                                                                                                                                

19 rows selected.

SQL> SELECT P
  2  FROM PROFESOR, PLAN_DOCENTE, ASIGNATURA
  3  WHERE (PROFESOR.DNI = PLAN_DOCENTE.DNI)
  4  AND (PLAN_DOCENTE.CAS = ASIGNATURA.CAS)
  5  AND A LIKE 'OPTIMIZACION' AND T = 'GII'
  6  AND FF IS NOT NULL
  7  ORDER BY P;

P                                                                                                                                                                                                                                                         
------------------------------------------------------------                                                                                                                                                                                              
JUAN                                                                                                                                                                                                                                                      

SQL> SELECT P
  2  FROM PROFESOR, AREA, DEPARTAMENTO
  3  WHERE (PROFESOR.CAR = AREA.CAR)
  4  AND (AREA.CD = DEPARTAMENTO.CD)
  5  AND D LIKE 'MATEMATICA FUNDAMENTAL'
  6  ORDER BY P DESC;

P                                                                                                                                                                                                                                                         
------------------------------------------------------------                                                                                                                                                                                              
IVAN                                                                                                                                                                                                                                                      

SQL> SELECT A
  2  FROM ASIGNATURA NATURAL JOIN PLAN_DOCENTE
  3  WHERE DNI = 1010;

A                                                                                                                                                                                                                                                         
--------------------------------------------------                                                                                                                                                                                                        
INTELIGENCIA ARTIFICIAL                                                                                                                                                                                                                                   
GESTION DE RIESGOS                                                                                                                                                                                                                                        
GESTION DE RIESGOS                                                                                                                                                                                                                                        

SQL> SELECT A
  2  FROM ASIGNATURA, PLAN_DOCENTE, PROFESOR
  3  WHERE (ASIGNATURA.CAS = PLAN_DOCENTE.CAS)
  4  AND (PLAN_DOCENTE.DNI = PROFESOR.DNI)
  5  AND P LIKE 'DAVID';

A                                                                                                                                                                                                                                                         
--------------------------------------------------                                                                                                                                                                                                        
INTELIGENCIA ARTIFICIAL                                                                                                                                                                                                                                   
GESTION DE RIESGOS                                                                                                                                                                                                                                        
GESTION DE RIESGOS                                                                                                                                                                                                                                        

SQL> SELECT AREA
  2  ;

*
ERROR at line 2:
ORA-00923: FROM keyword not found where expected 


SQL> SELECT AR
  2  FROM AREA NATURAL JOIN DEPARTAMENTO
  3  WHERE D LIKE 'ESTADISTICA, INVESTIGACION OPERATIVA Y COMPUTACION';

AR                                                                                                                                                                                                                                                        
------------------------------------------------------------                                                                                                                                                                                              
ESTADISTICA E INVESTIGACION OPERATIVA                                                                                                                                                                                                                     
LENGUAJES Y SISTEMAS INFORMATICOS                                                                                                                                                                                                                         
CIENCIAS DE LA COMPUTACION E INTELIGENCIA ARTIFICIAL                                                                                                                                                                                                      

SQL> SELECT A
  2  FROM ASIGNATURA, PLAN_DOCENTE, PROFESOR
  3  WHERE (ASIGNATURA.CAS = PLAN_DOCENTE.CAS)
  4  AND (PLAN_DOCENTE.DNI = PROFESOR.DNI)
  5  AND CAT = CU AND FF IS NULL;
AND CAT = CU AND FF IS NULL
          *
ERROR at line 5:
ORA-00904: "CU": invalid identifier 


SQL> SELECT A
  2  FROM ASIGNATURA, PLAN_DOCENTE, PROFESOR
  3  WHERE (ASIGNATURA.CAS = PLAN_DOCENTE.CAS)
  4  AND (PLAN_DOCENTE.DNI = PROFESOR.DNI)
  5  AND CAT = 'CU' AND FF IS NULL;

A                                                                                                                                                                                                                                                         
--------------------------------------------------                                                                                                                                                                                                        
OPTIMIZACION                                                                                                                                                                                                                                              
ALMACENES DE DATOS                                                                                                                                                                                                                                        

SQL> SELECT A
  2  FROM ASIGNATURA, PLAN_DOCENTE,PROFESOR
  3  WHERE (ASIGNATURA.CAS = PLAN_DOCENTE.CAS)
  4  AND (PLAN_DOCENTE.DNI = PROFESOR.DNI)
  5  AND CAT = 'CU'
  6  MINUS
  7  SELECT A
  8  FROM ASIGNATURA, PLAN_DOCENTE, PROFESOR
  9  WHERE (ASIGNATURA.CAS = PLAN_DOCENTE.CAS)
 10  AND (PLAN_DOCENTE.DNI = PROFESOR.DNI)
 11  AND CAT <> 'CU';

no rows selected

SQL> FROM ASIGNATURA NATURAL JOIN AREA
SP2-0734: unknown command beginning "FROM ASIGN..." - rest of line ignored.
SQL> WHERE AR LIKE 'LENGUAJES Y SISTEMAS INFORMATICOS' OR AR LIKE 'CIENCIAS DE LA COMPUTACION E INTELIGENCIA ARTIFICIAL';
SP2-0734: unknown command beginning "WHERE AR L..." - rest of line ignored.
SQL> SELECT A
  2  FROM ASIGNATURA NATURAL JOIN AREA
  3  WHERE AR LIKE 'LENGUAJES Y SISTEMAS INFORMATICOS' OR AR LIKE 'CIENCIAS DE LA COMPUTACION E INTELIGENCIA ARTIFICIAL';

A                                                                                                                                                                                                                                                         
--------------------------------------------------                                                                                                                                                                                                        
BASE DE DATOS                                                                                                                                                                                                                                             
INTELIGENCIA ARTIFICIAL                                                                                                                                                                                                                                   
ALMACENES DE DATOS                                                                                                                                                                                                                                        
MINERIA DE DATOS                                                                                                                                                                                                                                          
INFORMATICA BASICA                                                                                                                                                                                                                                        
GESTION DE RIESGOS                                                                                                                                                                                                                                        

6 rows selected.

SQL> SELECT P
  2  FROM PROFESOR, PLAN_DOCENTE, ASIGNATURA
  3  WHERE (PROFESOR.DNI = PLAN_DOCENTE.DNI)
  4  AND (PLAN_DOCENTE.CAS = ASIGNATURA.CAS)
  5  AND (T = 'GII' OR T = 'MII') AND FF IS NULL;

P                                                                                                                                                                                                                                                         
------------------------------------------------------------                                                                                                                                                                                              
JUAN                                                                                                                                                                                                                                                      
CARLOS                                                                                                                                                                                                                                                    
PEDRO                                                                                                                                                                                                                                                     
PEDRO                                                                                                                                                                                                                                                     
MARIA                                                                                                                                                                                                                                                     
MARIA                                                                                                                                                                                                                                                     
IVAN                                                                                                                                                                                                                                                      
ANGELA                                                                                                                                                                                                                                                    
DAVID                                                                                                                                                                                                                                                     
SOLEDAD                                                                                                                                                                                                                                                   
JOSE MANUEL                                                                                                                                                                                                                                               

11 rows selected.

SQL> SELECT P
  2  FROM PROFESOR, PLAN_DOCENTE, ASIGNATURA
  3  WHERE (PROFESOR.DNI = PLAN_DOCENTE.DNI)
  4  AND (PLAN_DOCENTE.CAS = ASIGNATURA.CAS)
  5  AND (t = 'GII') AND FF IS NULL;

P                                                                                                                                                                                                                                                         
------------------------------------------------------------                                                                                                                                                                                              
JUAN                                                                                                                                                                                                                                                      
PEDRO                                                                                                                                                                                                                                                     
PEDRO                                                                                                                                                                                                                                                     
MARIA                                                                                                                                                                                                                                                     
MARIA                                                                                                                                                                                                                                                     
IVAN                                                                                                                                                                                                                                                      
ANGELA                                                                                                                                                                                                                                                    
DAVID                                                                                                                                                                                                                                                     
JOSE MANUEL                                                                                                                                                                                                                                               

9 rows selected.

SQL> SELECT P
  2  FROM PROFESOR, PLAN_DOCENTE, ASIGNATURA
  3  WHERE (PROFESOR.DNI = PLAN_DOCENTE.DNI)
  4  AND (PLAN_DOCENTE.CAS = ASIGNATURA.CAS)
  5  AND (t = 'GII') AND FF IS NULL
  6  INTERESECT
  7  SELECT P
  8  FROM PROFESOR, PLAN_DOCENTE, ASIGNATURA
  9  WHERE (PROFESOR.DNI = PLAN_DOCENTE.DNI)
 10  AND (PLAN_DOCENTE.CAS = ASIGNATURA.CAS)
 11  AND (T = 'MII') AND FF IS NULL;
INTERESECT
*
ERROR at line 6:
ORA-00933: SQL command not properly ended 


SQL> SELECT P
  2  FROM PROFESOR, PLAN_DOCENTE, ASIGNATURA
  3  WHERE (PROFESOR.DNI = PLAN_DOCENTE.DNI)
  4  AND (PLAN_DOCENTE.CAS = ASIGNATURA.CAS)
  5  AND (T = 'MII') AND FF IS NULL;

P                                                                                                                                                                                                                                                         
------------------------------------------------------------                                                                                                                                                                                              
SOLEDAD                                                                                                                                                                                                                                                   
CARLOS                                                                                                                                                                                                                                                    

SQL> INTERSECT
SP2-0042: unknown command "INTERSECT" - rest of line ignored.
SQL> SELECT P
  2  FROM PROFESOR, PLAN_DOCENTE, ASIGNATURA
  3  WHERE (PROFESOR.DNI = PLAN_DOCENTE.DNI)
  4  AND (PLAN_DOCENTE.CAS = ASIGNATURA.CAS)
  5  SELECT P
  6  FROM PROFESOR NATURAL JOIN PLAN_DOCENTE
  7  ;
SELECT P
*
ERROR at line 5:
ORA-00933: SQL command not properly ended 


SQL> SELECT P
  2  FROM PROFESOR NATURAL JOIN PLAN_DOCENTE
  3  WHERE FF IS NOT NULL;

P                                                                                                                                                                                                                                                         
------------------------------------------------------------                                                                                                                                                                                              
JUAN                                                                                                                                                                                                                                                      
CARLOS                                                                                                                                                                                                                                                    
MARIA                                                                                                                                                                                                                                                     
CARMEN                                                                                                                                                                                                                                                    
DAVID                                                                                                                                                                                                                                                     
DAVID                                                                                                                                                                                                                                                     

6 rows selected.

SQL> SELECT A
  2  FROM ASIGNATURA
  3  WHERE T = 'GII';

A                                                                                                                                                                                                                                                         
--------------------------------------------------                                                                                                                                                                                                        
BASE DE DATOS                                                                                                                                                                                                                                             
INTELIGENCIA ARTIFICIAL                                                                                                                                                                                                                                   
INFORMATICA BASICA                                                                                                                                                                                                                                        
ALGEBRA                                                                                                                                                                                                                                                   
CALCULO                                                                                                                                                                                                                                                   
OPTIMIZACION                                                                                                                                                                                                                                              
GESTION DE RIESGOS                                                                                                                                                                                                                                        

7 rows selected.

SQL> SELECT AR, A
  2  FROM AREA NATURAL JOIN ASIGNATURA
  3  ORDER BY AR, A;

AR                                                           A                                                                                                                                                                                            
------------------------------------------------------------ --------------------------------------------------                                                                                                                                           
ALGEBRA                                                      ALGEBRA                                                                                                                                                                                      
ANALISIS MATEMATICO                                          ANALISIS COMPLEJO                                                                                                                                                                            
ASTRONOMIA Y ASTROFISICA                                     ASTRONOMIA                                                                                                                                                                                   
CIENCIAS DE LA COMPUTACION E INTELIGENCIA ARTIFICIAL         GESTION DE RIESGOS                                                                                                                                                                           
CIENCIAS DE LA COMPUTACION E INTELIGENCIA ARTIFICIAL         INTELIGENCIA ARTIFICIAL                                                                                                                                                                      
DIDACTICA DE LA MATEMATICA                                   ENSENANZA DE LA MATEMATICA                                                                                                                                                                   
ESTADISTICA E INVESTIGACION OPERATIVA                        OPTIMIZACION                                                                                                                                                                                 
LENGUAJES Y SISTEMAS INFORMATICOS                            ALMACENES DE DATOS                                                                                                                                                                           
LENGUAJES Y SISTEMAS INFORMATICOS                            BASE DE DATOS                                                                                                                                                                                
LENGUAJES Y SISTEMAS INFORMATICOS                            INFORMATICA BASICA                                                                                                                                                                           
LENGUAJES Y SISTEMAS INFORMATICOS                            MINERIA DE DATOS                                                                                                                                                                             

AR                                                           A                                                                                                                                                                                            
------------------------------------------------------------ --------------------------------------------------                                                                                                                                           
MATEMATICA APLICADA                                          CALCULO                                                                                                                                                                                      

12 rows selected.

SQL> SET LINESIZE 250
SQL> ORDER BY AR, A;
SP2-0734: unknown command beginning "ORDER BY A..." - rest of line ignored.
SQL> SELECT AR, A
  2  FROM AREA NATURAL JOIN ASIGNATURA
  3  ORDER BY AR, A;

AR                                                           A                                                                                                                                                                                            
------------------------------------------------------------ --------------------------------------------------                                                                                                                                           
ALGEBRA                                                      ALGEBRA                                                                                                                                                                                      
ANALISIS MATEMATICO                                          ANALISIS COMPLEJO                                                                                                                                                                            
ASTRONOMIA Y ASTROFISICA                                     ASTRONOMIA                                                                                                                                                                                   
CIENCIAS DE LA COMPUTACION E INTELIGENCIA ARTIFICIAL         GESTION DE RIESGOS                                                                                                                                                                           
CIENCIAS DE LA COMPUTACION E INTELIGENCIA ARTIFICIAL         INTELIGENCIA ARTIFICIAL                                                                                                                                                                      
DIDACTICA DE LA MATEMATICA                                   ENSENANZA DE LA MATEMATICA                                                                                                                                                                   
ESTADISTICA E INVESTIGACION OPERATIVA                        OPTIMIZACION                                                                                                                                                                                 
LENGUAJES Y SISTEMAS INFORMATICOS                            ALMACENES DE DATOS                                                                                                                                                                           
LENGUAJES Y SISTEMAS INFORMATICOS                            BASE DE DATOS                                                                                                                                                                                
LENGUAJES Y SISTEMAS INFORMATICOS                            INFORMATICA BASICA                                                                                                                                                                           
LENGUAJES Y SISTEMAS INFORMATICOS                            MINERIA DE DATOS                                                                                                                                                                             

AR                                                           A                                                                                                                                                                                            
------------------------------------------------------------ --------------------------------------------------                                                                                                                                           
MATEMATICA APLICADA                                          CALCULO                                                                                                                                                                                      

12 rows selected.

SQL> SET LINESIZE 250
SQL> SET LINESIZE 500
SQL> SELECT AR, A
  2  FROM AREA NATURAL JOIN ASIGNATURA
  3  ORDER BY AR, A;

AR                                                           A                                                                                                                                                                                                                                                                                                                                                                                                                                                      
------------------------------------------------------------ --------------------------------------------------                                                                                                                                                                                                                                                                                                                                                                                                     
ALGEBRA                                                      ALGEBRA                                                                                                                                                                                                                                                                                                                                                                                                                                                
ANALISIS MATEMATICO                                          ANALISIS COMPLEJO                                                                                                                                                                                                                                                                                                                                                                                                                                      
ASTRONOMIA Y ASTROFISICA                                     ASTRONOMIA                                                                                                                                                                                                                                                                                                                                                                                                                                             
CIENCIAS DE LA COMPUTACION E INTELIGENCIA ARTIFICIAL         GESTION DE RIESGOS                                                                                                                                                                                                                                                                                                                                                                                                                                     
CIENCIAS DE LA COMPUTACION E INTELIGENCIA ARTIFICIAL         INTELIGENCIA ARTIFICIAL                                                                                                                                                                                                                                                                                                                                                                                                                                
DIDACTICA DE LA MATEMATICA                                   ENSENANZA DE LA MATEMATICA                                                                                                                                                                                                                                                                                                                                                                                                                             
ESTADISTICA E INVESTIGACION OPERATIVA                        OPTIMIZACION                                                                                                                                                                                                                                                                                                                                                                                                                                           
LENGUAJES Y SISTEMAS INFORMATICOS                            ALMACENES DE DATOS                                                                                                                                                                                                                                                                                                                                                                                                                                     
LENGUAJES Y SISTEMAS INFORMATICOS                            BASE DE DATOS                                                                                                                                                                                                                                                                                                                                                                                                                                          
LENGUAJES Y SISTEMAS INFORMATICOS                            INFORMATICA BASICA                                                                                                                                                                                                                                                                                                                                                                                                                                     
LENGUAJES Y SISTEMAS INFORMATICOS                            MINERIA DE DATOS                                                                                                                                                                                                                                                                                                                                                                                                                                       

AR                                                           A                                                                                                                                                                                                                                                                                                                                                                                                                                                      
------------------------------------------------------------ --------------------------------------------------                                                                                                                                                                                                                                                                                                                                                                                                     
MATEMATICA APLICADA                                          CALCULO                                                                                                                                                                                                                                                                                                                                                                                                                                                

12 rows selected.

SQL> SET LINESIZE 200
SQL> SELECT AR, A
  2  FROM AREA NATURAL JOIN ASIGNATURA
  3  ORDER BY AR, A;

AR                                                           A                                                                                                                                          
------------------------------------------------------------ --------------------------------------------------                                                                                         
ALGEBRA                                                      ALGEBRA                                                                                                                                    
ANALISIS MATEMATICO                                          ANALISIS COMPLEJO                                                                                                                          
ASTRONOMIA Y ASTROFISICA                                     ASTRONOMIA                                                                                                                                 
CIENCIAS DE LA COMPUTACION E INTELIGENCIA ARTIFICIAL         GESTION DE RIESGOS                                                                                                                         
CIENCIAS DE LA COMPUTACION E INTELIGENCIA ARTIFICIAL         INTELIGENCIA ARTIFICIAL                                                                                                                    
DIDACTICA DE LA MATEMATICA                                   ENSENANZA DE LA MATEMATICA                                                                                                                 
ESTADISTICA E INVESTIGACION OPERATIVA                        OPTIMIZACION                                                                                                                               
LENGUAJES Y SISTEMAS INFORMATICOS                            ALMACENES DE DATOS                                                                                                                         
LENGUAJES Y SISTEMAS INFORMATICOS                            BASE DE DATOS                                                                                                                              
LENGUAJES Y SISTEMAS INFORMATICOS                            INFORMATICA BASICA                                                                                                                         
LENGUAJES Y SISTEMAS INFORMATICOS                            MINERIA DE DATOS                                                                                                                           

AR                                                           A                                                                                                                                          
------------------------------------------------------------ --------------------------------------------------                                                                                         
MATEMATICA APLICADA                                          CALCULO                                                                                                                                    

12 rows selected.

SQL> SELECT D, AR
  2  FROM DEPARTAMENTO NATURAL JOIN AREA
  3  ORDER BY D, AR
  4  GROUP BY D, AR;
GROUP BY D, AR
*
ERROR at line 4:
ORA-00933: SQL command not properly ended 


SQL> SELECT D, AR
  2  FROM DEPARTAMENTO NATURAL JOIN AREA
  3  ORDER BY D, AR
  4  GROUP BY D, AR;
GROUP BY D, AR
*
ERROR at line 4:
ORA-00933: SQL command not properly ended 


SQL> SELECT D, AR
  2  FROM DEPARTAMENTO NATURAL JOIN AREA
  3  ORDER BY D, AR
  4  GROUP BY D, AR;
GROUP BY D, AR
*
ERROR at line 4:
ORA-00933: SQL command not properly ended 


SQL> SELECT D, AR
  2  FROM DEPARTAMENTO NATURAL JOIN AREA
  3  GROUP BY D, AR;

D                                                            AR                                                                                                                                         
------------------------------------------------------------ ------------------------------------------------------------                                                                               
ANALISIS MATEMATICO                                          ANALISIS MATEMATICO                                                                                                                        
ANALISIS MATEMATICO                                          DIDACTICA DE LA MATEMATICA                                                                                                                 
ESTADISTICA, INVESTIGACION OPERATIVA Y COMPUTACION           LENGUAJES Y SISTEMAS INFORMATICOS                                                                                                          
ESTADISTICA, INVESTIGACION OPERATIVA Y COMPUTACION           ESTADISTICA E INVESTIGACION OPERATIVA                                                                                                      
ASTROFISICA                                                  ASTRONOMIA Y ASTROFISICA                                                                                                                   
MATEMATICA FUNDAMENTAL                                       ALGEBRA                                                                                                                                    
ANALISIS MATEMATICO                                          MATEMATICA APLICADA                                                                                                                        
ESTADISTICA, INVESTIGACION OPERATIVA Y COMPUTACION           CIENCIAS DE LA COMPUTACION E INTELIGENCIA ARTIFICIAL                                                                                       

8 rows selected.

SQL> SELECT D, AR
  2  FROM DEPARTAMENTO NATURAL JOIN AREA
  3  GROUP BY D, AR
  4  ORDER BY D, AR
  5  ;

D                                                            AR                                                                                                                                         
------------------------------------------------------------ ------------------------------------------------------------                                                                               
ANALISIS MATEMATICO                                          ANALISIS MATEMATICO                                                                                                                        
ANALISIS MATEMATICO                                          DIDACTICA DE LA MATEMATICA                                                                                                                 
ANALISIS MATEMATICO                                          MATEMATICA APLICADA                                                                                                                        
ASTROFISICA                                                  ASTRONOMIA Y ASTROFISICA                                                                                                                   
ESTADISTICA, INVESTIGACION OPERATIVA Y COMPUTACION           CIENCIAS DE LA COMPUTACION E INTELIGENCIA ARTIFICIAL                                                                                       
ESTADISTICA, INVESTIGACION OPERATIVA Y COMPUTACION           ESTADISTICA E INVESTIGACION OPERATIVA                                                                                                      
ESTADISTICA, INVESTIGACION OPERATIVA Y COMPUTACION           LENGUAJES Y SISTEMAS INFORMATICOS                                                                                                          
MATEMATICA FUNDAMENTAL                                       ALGEBRA                                                                                                                                    

8 rows selected.

SQL> 25
SP2-0226: Invalid line number 
SQL> SELECT D, P
  2  FROM DEPARRTAMENTO, AREA, PROFESOR
  3  WHERE (DEPARTAMENTO.CD = AREA.CD)
  4  AND (AREA.CAR = PROFESOR.CAR)
  5  GROUP BY D, P
  6  ORDER BY D, P;
FROM DEPARRTAMENTO, AREA, PROFESOR
     *
ERROR at line 2:
ORA-00942: table or view does not exist 


SQL> SELECT D, P
  2  FROM DEPARRTAMENTO, AREA, PROFESOR
  3  WHERE (DEPARTAMENTO.CD = AREA.CD)
  4  AND (AREA.CAR = PROFESOR.CAR)
  5  GROUP BY D, P
  6  ORDER BY D, P;
FROM DEPARRTAMENTO, AREA, PROFESOR
     *
ERROR at line 2:
ORA-00942: table or view does not exist 


SQL> SELECT D, P
  2  FROM DEPARTAMENTO, AREA, PROFESOR
  3  AND (AREA.CAR = PROFESOR.CAR)
  4  ;
AND (AREA.CAR = PROFESOR.CAR)
*
ERROR at line 3:
ORA-00933: SQL command not properly ended 


SQL> SELECT D, P
  2  FROM DEPARTAMENTO, AREA, PROFESOR
  3  WHERE (DEPARTAMENTO.CD = AREA.CD)
  4  AND (AREA.CAR = PROFESOR.CAR)
  5  GROUP BY D, P
  6  ORDER BY D, P;

D                                                            P                                                                                                                                          
------------------------------------------------------------ ------------------------------------------------------------                                                                               
ANALISIS MATEMATICO                                          ANGELA                                                                                                                                     
ANALISIS MATEMATICO                                          CARINA                                                                                                                                     
ANALISIS MATEMATICO                                          FRANCISCO                                                                                                                                  
ANALISIS MATEMATICO                                          MARIO                                                                                                                                      
ASTROFISICA                                                  CARMEN                                                                                                                                     
ESTADISTICA, INVESTIGACION OPERATIVA Y COMPUTACION           CARLOS                                                                                                                                     
ESTADISTICA, INVESTIGACION OPERATIVA Y COMPUTACION           CARMELO                                                                                                                                    
ESTADISTICA, INVESTIGACION OPERATIVA Y COMPUTACION           DAVID                                                                                                                                      
ESTADISTICA, INVESTIGACION OPERATIVA Y COMPUTACION           JOSE MANUEL                                                                                                                                
ESTADISTICA, INVESTIGACION OPERATIVA Y COMPUTACION           JUAN                                                                                                                                       
ESTADISTICA, INVESTIGACION OPERATIVA Y COMPUTACION           MARIA                                                                                                                                      

D                                                            P                                                                                                                                          
------------------------------------------------------------ ------------------------------------------------------------                                                                               
ESTADISTICA, INVESTIGACION OPERATIVA Y COMPUTACION           PEDRO                                                                                                                                      
ESTADISTICA, INVESTIGACION OPERATIVA Y COMPUTACION           SOLEDAD                                                                                                                                    
MATEMATICA FUNDAMENTAL                                       IVAN                                                                                                                                       

14 rows selected.

SQL> SPOOL OFF
